MPLINK 5.09, LINKER
Linker Map File - Created Mon Aug 16 12:21:40 2021

                                 Section Info
                  Section       Type    Address   Location Size(Bytes)
                ---------  ---------  ---------  ---------  ---------
                   .org_0       code   0x000000    program   0x000018
                   .cinit    romdata   0x000018    program   0x000002
.config_300000_BUILD/DEFAULT/PRODUCTION/MAIN.O    romdata   0x300000    program   0x000001
.config_300001_BUILD/DEFAULT/PRODUCTION/MAIN.O    romdata   0x300001    program   0x000001
.config_300002_BUILD/DEFAULT/PRODUCTION/MAIN.O    romdata   0x300002    program   0x000001
.config_300003_BUILD/DEFAULT/PRODUCTION/MAIN.O    romdata   0x300003    program   0x000001
.config_300005_BUILD/DEFAULT/PRODUCTION/MAIN.O    romdata   0x300005    program   0x000001
.config_300006_BUILD/DEFAULT/PRODUCTION/MAIN.O    romdata   0x300006    program   0x000001
.config_300008_BUILD/DEFAULT/PRODUCTION/MAIN.O    romdata   0x300008    program   0x000001
.config_300009_BUILD/DEFAULT/PRODUCTION/MAIN.O    romdata   0x300009    program   0x000001
.config_30000A_BUILD/DEFAULT/PRODUCTION/MAIN.O    romdata   0x30000a    program   0x000001
.config_30000B_BUILD/DEFAULT/PRODUCTION/MAIN.O    romdata   0x30000b    program   0x000001
.config_30000C_BUILD/DEFAULT/PRODUCTION/MAIN.O    romdata   0x30000c    program   0x000001
.config_30000D_BUILD/DEFAULT/PRODUCTION/MAIN.O    romdata   0x30000d    program   0x000001



                              Program Memory Usage 
                               Start         End      
                           ---------   ---------      
                            0x000000    0x000019      
                            0x300000    0x300003      
                            0x300005    0x300006      
                            0x300008    0x30000d      
            38 out of 33048 program addresses used, program memory utilization is 0%



                              Symbols - Sorted by Name
                     Name    Address   Location    Storage File                     
                ---------  ---------  ---------  --------- ---------                
               INITIALIZE   0x000004    program     static C:\Users\Microcontroladores\Practica1_LabMicro.X\Main.asm
                     LOOP   0x000012    program     static C:\Users\Microcontroladores\Practica1_LabMicro.X\Main.asm
                     MAIN   0x00000e    program     static C:\Users\Microcontroladores\Practica1_LabMicro.X\Main.asm



                              Symbols - Sorted by Address
                     Name    Address   Location    Storage File                     
                ---------  ---------  ---------  --------- ---------                
               INITIALIZE   0x000004    program     static C:\Users\Microcontroladores\Practica1_LabMicro.X\Main.asm
                     MAIN   0x00000e    program     static C:\Users\Microcontroladores\Practica1_LabMicro.X\Main.asm
                     LOOP   0x000012    program     static C:\Users\Microcontroladores\Practica1_LabMicro.X\Main.asm


